---
source: crates/assay-mcp/src/server.rs
assertion_line: 2318
expression: snap
---
{
  "advisory_failed": 0,
  "advisory_passed": 0,
  "blocked": false,
  "criteria": [
    {
      "duration_ms": "[duration]",
      "enforcement": "required",
      "exit_code": 0,
      "kind_label": "cmd",
      "name": "echo-check",
      "status": "passed"
    }
  ],
  "failed": 0,
  "outcome": "evaluated",
  "passed": 1,
  "required_failed": 0,
  "required_passed": 1,
  "skipped": 0,
  "spec_name": "cmd-spec",
  "total_duration_ms": "[duration]"
}
