---
source: crates/assay-harness/src/claude.rs
expression: config.hooks_json
---
{
  "hooks": {
    "PostToolUse": [
      {
        "hooks": [
          {
            "command": "echo post",
            "timeout": 30,
            "type": "command"
          }
        ],
        "matcher": ""
      }
    ],
    "PreToolUse": [
      {
        "hooks": [
          {
            "command": "echo pre",
            "timeout": 30,
            "type": "command"
          }
        ],
        "matcher": ""
      }
    ]
  }
}
