---
source: crates/assay-harness/src/codex.rs
expression: config.agents_md
---
## Base

Base instructions.
---

## Hook Advisory

The following lifecycle hooks are defined for this session but cannot be
executed natively by Codex. They are listed here for reference:

- **before each tool invocation**: `echo pre`
- **after each tool invocation**: `echo post`
