---
source: crates/assay-types/tests/context_types.rs
expression: report
---
{
  "session_id": "sess-snap",
  "file_path": "/test/session.jsonl",
  "file_size_bytes": 500000,
  "total_entries": 400,
  "message_count": 100,
  "model": "claude-sonnet-4-5",
  "context_window": 200000,
  "system_overhead": 21000,
  "usage": {
    "input_tokens": 10,
    "output_tokens": 25,
    "cache_creation_input_tokens": 5000,
    "cache_read_input_tokens": 20000
  },
  "context_utilization_pct": 12.505,
  "bloat": {
    "entries": [
      {
        "category": "progress_ticks",
        "bytes": 250000,
        "count": 300,
        "percentage": 50.0
      },
      {
        "category": "thinking_blocks",
        "bytes": 50000,
        "count": 10,
        "percentage": 10.0
      }
    ]
  }
}
