---
source: crates/assay-types/tests/schema_snapshots.rs
expression: schema.to_value()
---
{
  "$defs": {
    "AcceptanceCriterion": {
      "additionalProperties": false,
      "description": "A single acceptance criterion attached to a requirement.",
      "properties": {
        "criterion": {
          "description": "The criterion statement (Gherkin, EARS, or plain text).",
          "type": "string"
        },
        "type": {
          "$ref": "#/$defs/AcceptanceCriterionType",
          "default": "plain",
          "description": "Format of this acceptance criterion."
        }
      },
      "required": [
        "criterion"
      ],
      "type": "object"
    },
    "AcceptanceCriterionType": {
      "description": "Acceptance criterion type for a requirement.",
      "oneOf": [
        {
          "const": "gherkin",
          "description": "Given/When/Then format (BDD-style).",
          "type": "string"
        },
        {
          "const": "ears",
          "description": "Easy Approach to Requirements Syntax format.",
          "type": "string"
        },
        {
          "const": "plain",
          "description": "Free-form plain text.",
          "type": "string"
        }
      ]
    },
    "Assumption": {
      "additionalProperties": false,
      "description": "An assumption that, if false, affects the feature.",
      "properties": {
        "description": {
          "description": "Description of the assumption.",
          "type": "string"
        },
        "impact_if_false": {
          "description": "Impact if the assumption proves false.",
          "type": "string"
        }
      },
      "required": [
        "description"
      ],
      "type": "object"
    },
    "Constraints": {
      "additionalProperties": false,
      "description": "Constraints that bound the feature implementation.",
      "properties": {
        "performance": {
          "description": "Performance constraints.",
          "items": {
            "type": "string"
          },
          "type": "array"
        },
        "regulatory": {
          "description": "Regulatory/compliance constraints.",
          "items": {
            "type": "string"
          },
          "type": "array"
        },
        "technology": {
          "description": "Technology constraints.",
          "items": {
            "type": "string"
          },
          "type": "array"
        }
      },
      "type": "object"
    },
    "Dependency": {
      "additionalProperties": false,
      "description": "An external dependency of this feature.",
      "properties": {
        "description": {
          "description": "Description of this dependency.",
          "type": "string"
        },
        "name": {
          "description": "Name of the dependency.",
          "type": "string"
        },
        "type": {
          "description": "Type of dependency (e.g., \"external_service\", \"library\", \"internal_module\").",
          "type": "string"
        }
      },
      "required": [
        "name"
      ],
      "type": "object"
    },
    "FeatureOverview": {
      "additionalProperties": false,
      "description": "Overview section of a feature spec.",
      "properties": {
        "description": {
          "description": "Summary description of the feature.",
          "type": "string"
        },
        "functions": {
          "description": "High-level functions this feature provides.",
          "items": {
            "type": "string"
          },
          "type": "array"
        },
        "perspective": {
          "description": "How this feature fits into the larger system.",
          "type": "string"
        }
      },
      "type": "object"
    },
    "ImpactLevel": {
      "description": "Impact level for risk assessment.",
      "oneOf": [
        {
          "const": "low",
          "description": "Minimal impact on the feature or project.",
          "type": "string"
        },
        {
          "const": "medium",
          "description": "Moderate impact; workarounds may exist.",
          "type": "string"
        },
        {
          "const": "high",
          "description": "Significant impact on functionality or timeline.",
          "type": "string"
        },
        {
          "const": "critical",
          "description": "Severe impact; may block the entire feature.",
          "type": "string"
        }
      ]
    },
    "LikelihoodLevel": {
      "description": "Likelihood level for risk assessment.",
      "oneOf": [
        {
          "const": "low",
          "description": "Unlikely to occur.",
          "type": "string"
        },
        {
          "const": "medium",
          "description": "May occur under certain conditions.",
          "type": "string"
        },
        {
          "const": "high",
          "description": "Likely to occur without mitigation.",
          "type": "string"
        }
      ]
    },
    "Obligation": {
      "description": "RFC 2119 obligation level for a requirement.",
      "oneOf": [
        {
          "const": "shall",
          "description": "Mandatory requirement (MUST/SHALL in RFC 2119).",
          "type": "string"
        },
        {
          "const": "should",
          "description": "Recommended requirement (SHOULD in RFC 2119).",
          "type": "string"
        },
        {
          "const": "may",
          "description": "Optional requirement (MAY in RFC 2119).",
          "type": "string"
        }
      ]
    },
    "Priority": {
      "description": "MoSCoW priority for a requirement.",
      "oneOf": [
        {
          "const": "must",
          "description": "Non-negotiable for the current release.",
          "type": "string"
        },
        {
          "const": "should",
          "description": "Important but not critical; can be deferred if necessary.",
          "type": "string"
        },
        {
          "const": "could",
          "description": "Desirable if time and resources permit.",
          "type": "string"
        },
        {
          "const": "wont",
          "description": "Explicitly excluded from the current release.",
          "type": "string"
        }
      ]
    },
    "QualityAttribute": {
      "additionalProperties": false,
      "description": "A quality attribute (non-functional requirement).",
      "properties": {
        "controls": {
          "description": "Security controls.",
          "items": {
            "type": "string"
          },
          "type": "array"
        },
        "description": {
          "description": "Description of this quality requirement.",
          "type": "string"
        },
        "response_time_ms": {
          "description": "Quantitative target (e.g., response time).",
          "format": "uint64",
          "minimum": 0,
          "type": [
            "integer",
            "null"
          ]
        }
      },
      "type": "object"
    },
    "QualityAttributes": {
      "description": "Quality attributes section keyed by category.",
      "properties": {
        "performance": {
          "anyOf": [
            {
              "$ref": "#/$defs/QualityAttribute"
            },
            {
              "type": "null"
            }
          ],
          "description": "Performance quality attributes."
        },
        "reliability": {
          "anyOf": [
            {
              "$ref": "#/$defs/QualityAttribute"
            },
            {
              "type": "null"
            }
          ],
          "description": "Reliability quality attributes."
        },
        "security": {
          "anyOf": [
            {
              "$ref": "#/$defs/QualityAttribute"
            },
            {
              "type": "null"
            }
          ],
          "description": "Security quality attributes."
        },
        "usability": {
          "anyOf": [
            {
              "$ref": "#/$defs/QualityAttribute"
            },
            {
              "type": "null"
            }
          ],
          "description": "Usability quality attributes."
        }
      },
      "type": "object"
    },
    "Requirement": {
      "additionalProperties": false,
      "description": "A structured requirement within a feature spec.",
      "properties": {
        "acceptance_criteria": {
          "description": "Acceptance criteria for this requirement.",
          "items": {
            "$ref": "#/$defs/AcceptanceCriterion"
          },
          "type": "array"
        },
        "id": {
          "description": "Unique requirement ID in `REQ-[AREA]-[NNN]` format.",
          "type": "string"
        },
        "obligation": {
          "$ref": "#/$defs/Obligation",
          "default": "shall",
          "description": "RFC 2119 obligation level."
        },
        "priority": {
          "$ref": "#/$defs/Priority",
          "default": "must",
          "description": "MoSCoW priority."
        },
        "rationale": {
          "description": "Why this requirement exists.",
          "type": "string"
        },
        "statement": {
          "description": "The normative requirement statement.",
          "type": "string"
        },
        "status": {
          "$ref": "#/$defs/SpecStatus",
          "default": "draft",
          "description": "Lifecycle status of this requirement."
        },
        "title": {
          "description": "Short human-readable title.",
          "type": "string"
        },
        "verification": {
          "$ref": "#/$defs/VerificationMethod",
          "default": "test",
          "description": "How this requirement is verified."
        }
      },
      "required": [
        "id",
        "title",
        "statement"
      ],
      "type": "object"
    },
    "Risk": {
      "additionalProperties": false,
      "description": "A risk associated with this feature.",
      "properties": {
        "description": {
          "description": "Description of the risk.",
          "type": "string"
        },
        "impact": {
          "$ref": "#/$defs/ImpactLevel",
          "default": "medium",
          "description": "Impact if the risk materializes."
        },
        "likelihood": {
          "$ref": "#/$defs/LikelihoodLevel",
          "default": "medium",
          "description": "Likelihood of the risk materializing."
        },
        "mitigation": {
          "description": "Planned mitigation strategy.",
          "type": "string"
        }
      },
      "required": [
        "description"
      ],
      "type": "object"
    },
    "SpecStatus": {
      "description": "Status of a feature spec or individual requirement through its lifecycle.",
      "oneOf": [
        {
          "const": "draft",
          "description": "Initial authoring state; not yet ready for review.",
          "type": "string"
        },
        {
          "const": "proposed",
          "description": "Submitted for review but not yet approved.",
          "type": "string"
        },
        {
          "const": "planned",
          "description": "Approved and scheduled for implementation.",
          "type": "string"
        },
        {
          "const": "in-progress",
          "description": "Currently being implemented.",
          "type": "string"
        },
        {
          "const": "verified",
          "description": "Implementation verified against acceptance criteria.",
          "type": "string"
        },
        {
          "const": "deprecated",
          "description": "No longer active; superseded or removed.",
          "type": "string"
        }
      ]
    },
    "UserClass": {
      "additionalProperties": false,
      "description": "A user class that interacts with this feature.",
      "properties": {
        "expertise": {
          "description": "Expertise level of this user class.",
          "type": "string"
        },
        "frequency": {
          "description": "Usage frequency.",
          "type": "string"
        },
        "goals": {
          "description": "Goals this user class has for this feature.",
          "items": {
            "type": "string"
          },
          "type": "array"
        },
        "name": {
          "description": "Name of this user class.",
          "type": "string"
        }
      },
      "required": [
        "name"
      ],
      "type": "object"
    },
    "VerificationMethod": {
      "description": "Verification method for a requirement.",
      "oneOf": [
        {
          "const": "test",
          "description": "Verified by automated or manual tests.",
          "type": "string"
        },
        {
          "const": "analysis",
          "description": "Verified by static analysis or formal review.",
          "type": "string"
        },
        {
          "const": "inspection",
          "description": "Verified by visual or manual inspection.",
          "type": "string"
        },
        {
          "const": "demonstration",
          "description": "Verified by running the feature and observing behavior.",
          "type": "string"
        }
      ]
    },
    "VerificationStrategy": {
      "additionalProperties": false,
      "description": "Verification strategy for the feature as a whole.",
      "properties": {
        "environments": {
          "description": "Target environments for verification.",
          "items": {
            "type": "string"
          },
          "type": "array"
        },
        "strategy": {
          "description": "Overall verification strategy description.",
          "type": "string"
        }
      },
      "type": "object"
    }
  },
  "$schema": "https://json-schema.org/draft/2020-12/schema",
  "additionalProperties": false,
  "description": "A feature specification following IEEE 830/29148 principles.\n\nLoaded from `.assay/specs/<feature>/spec.toml`. Captures the full\nrequirements context for a feature: what to build, who it's for,\nconstraints, quality attributes, risks, and verification strategy.",
  "properties": {
    "assumptions": {
      "description": "Assumptions about the operating environment.",
      "items": {
        "$ref": "#/$defs/Assumption"
      },
      "type": "array"
    },
    "auto_promote": {
      "default": false,
      "description": "Whether to auto-promote from `InProgress` to `Verified` on a clean pipeline run.\n\nWhen `true` and all checkpoints pass, all session-end gates pass, and the current\nstatus is `InProgress`, the pipeline calls `promote_spec` to advance to `Verified`.",
      "type": "boolean"
    },
    "constraints": {
      "anyOf": [
        {
          "$ref": "#/$defs/Constraints"
        },
        {
          "type": "null"
        }
      ],
      "description": "Implementation constraints."
    },
    "dependencies": {
      "description": "External dependencies.",
      "items": {
        "$ref": "#/$defs/Dependency"
      },
      "type": "array"
    },
    "name": {
      "description": "Feature name (must match the directory name / gates.toml name).",
      "type": "string"
    },
    "overview": {
      "anyOf": [
        {
          "$ref": "#/$defs/FeatureOverview"
        },
        {
          "type": "null"
        }
      ],
      "description": "Feature overview: perspective, functions, description."
    },
    "quality": {
      "anyOf": [
        {
          "$ref": "#/$defs/QualityAttributes"
        },
        {
          "type": "null"
        }
      ],
      "description": "Quality attributes (non-functional requirements)."
    },
    "requirements": {
      "description": "Structured requirements.",
      "items": {
        "$ref": "#/$defs/Requirement"
      },
      "type": "array"
    },
    "risks": {
      "description": "Identified risks and mitigations.",
      "items": {
        "$ref": "#/$defs/Risk"
      },
      "type": "array"
    },
    "status": {
      "$ref": "#/$defs/SpecStatus",
      "default": "draft",
      "description": "Lifecycle status of the overall feature."
    },
    "users": {
      "description": "User classes that interact with this feature.",
      "items": {
        "$ref": "#/$defs/UserClass"
      },
      "type": "array"
    },
    "verification": {
      "anyOf": [
        {
          "$ref": "#/$defs/VerificationStrategy"
        },
        {
          "type": "null"
        }
      ],
      "description": "Verification strategy for the feature."
    },
    "version": {
      "description": "Specification version.",
      "type": "string"
    }
  },
  "required": [
    "name"
  ],
  "title": "FeatureSpec",
  "type": "object"
}
