---
source: crates/assay-types/tests/schema_snapshots.rs
expression: schema.to_value()
---
{
  "$defs": {
    "Criterion": {
      "additionalProperties": false,
      "description": "A single acceptance criterion attached to a spec.\n\nEach criterion has a name, description, and an optional shell command\nthat can verify it programmatically. When `kind` is `AgentReport`, the\ncriterion is evaluated by an agent using the `prompt` field for guidance.",
      "properties": {
        "cmd": {
          "description": "Optional shell command to verify this criterion.\nOmitted from serialized output when `None`.\nMutually exclusive with `kind = AgentReport`.",
          "type": [
            "string",
            "null"
          ]
        },
        "description": {
          "description": "Detailed description of what this criterion checks.",
          "type": "string"
        },
        "enforcement": {
          "anyOf": [
            {
              "$ref": "#/$defs/Enforcement"
            },
            {
              "type": "null"
            }
          ],
          "description": "Enforcement level override for this criterion. `None` means \"use the\nspec-level default from `[gate]` section\" (which itself defaults to `required`)."
        },
        "kind": {
          "anyOf": [
            {
              "$ref": "#/$defs/CriterionKind"
            },
            {
              "type": "null"
            }
          ],
          "description": "Criterion evaluation kind. When set to `AgentReport`, this criterion\nis evaluated by an agent (not a shell command). Mutually exclusive\nwith `cmd` and `path`."
        },
        "name": {
          "description": "Human-readable name for this criterion.",
          "type": "string"
        },
        "path": {
          "description": "Optional file path to check for existence.\nWhen set (and `cmd` is `None`), the criterion evaluates as a `FileExists` gate.",
          "type": [
            "string",
            "null"
          ]
        },
        "prompt": {
          "description": "Instruction prompt for agent-evaluated criteria.\nProvides guidance to the agent on what to evaluate.",
          "type": [
            "string",
            "null"
          ]
        },
        "requirements": {
          "description": "Requirement IDs this criterion traces to (e.g., `[\"REQ-FUNC-001\"]`).",
          "items": {
            "type": "string"
          },
          "type": "array"
        },
        "timeout": {
          "description": "Optional timeout in seconds for this criterion's command.\nOverrides the global default but is overridden by CLI `--timeout`.",
          "format": "uint64",
          "minimum": 0,
          "type": [
            "integer",
            "null"
          ]
        }
      },
      "required": [
        "name",
        "description"
      ],
      "type": "object"
    },
    "CriterionKind": {
      "description": "The kind of evaluation a criterion uses.\n\nWhen set on a criterion, determines how it is evaluated.\n`AgentReport` means the criterion is evaluated by an agent\nvia structured reasoning rather than a shell command.",
      "oneOf": [
        {
          "const": "AgentReport",
          "description": "Evaluated by an agent via structured reasoning.",
          "type": "string"
        }
      ]
    },
    "Enforcement": {
      "description": "Enforcement level for a gate criterion.\n\nDetermines whether a criterion failure blocks the gate (required)\nor is informational only (advisory).",
      "oneOf": [
        {
          "const": "required",
          "description": "Failure blocks the gate. This is the default.",
          "type": "string"
        },
        {
          "const": "advisory",
          "description": "Failure is informational; does not block the gate.",
          "type": "string"
        }
      ]
    },
    "GateSection": {
      "additionalProperties": false,
      "description": "Gate-level configuration section.\n\nParsed from `[gate]` in spec TOML files. Provides spec-wide defaults\nthat individual criteria can override.",
      "properties": {
        "enforcement": {
          "$ref": "#/$defs/Enforcement",
          "default": "required",
          "description": "Default enforcement level for all criteria in this spec."
        }
      },
      "type": "object"
    }
  },
  "$schema": "https://json-schema.org/draft/2020-12/schema",
  "additionalProperties": false,
  "description": "A gate specification loaded from `gates.toml` in a directory-based spec.\n\nParallel to [`crate::Spec`] but designed for the directory layout where\ncriteria live in `gates.toml` alongside a `spec.toml`.",
  "properties": {
    "criteria": {
      "description": "Gate criteria that must be satisfied.",
      "items": {
        "$ref": "#/$defs/Criterion"
      },
      "type": "array"
    },
    "depends": {
      "description": "Spec slugs this gate spec depends on. Used for dependency ordering and cycle detection.\nEach entry is a slug — the spec file name without extension (e.g. `\"auth-flow\"`\nfor `specs/auth-flow.toml`). Entries must be unique and non-empty.",
      "items": {
        "type": "string"
      },
      "type": "array"
    },
    "description": {
      "description": "Human-readable description. Defaults to empty string.",
      "type": "string"
    },
    "gate": {
      "anyOf": [
        {
          "$ref": "#/$defs/GateSection"
        },
        {
          "type": "null"
        }
      ],
      "description": "Gate configuration section (enforcement defaults)."
    },
    "milestone": {
      "description": "Optional milestone slug this spec belongs to (e.g. `\"my-feature\"`).\n\nWhen set, this spec is associated with a milestone tracked in\n`.assay/milestones/<slug>.toml`. Omitted from serialized output when absent.",
      "type": [
        "string",
        "null"
      ]
    },
    "name": {
      "description": "Display name for this gate spec (must match directory name / feature spec name).",
      "type": "string"
    },
    "order": {
      "description": "Optional ordering hint within the milestone's chunk sequence.\n\nLower values sort earlier. Omitted from serialized output when absent.",
      "format": "uint32",
      "minimum": 0,
      "type": [
        "integer",
        "null"
      ]
    }
  },
  "required": [
    "name",
    "criteria"
  ],
  "title": "GatesSpec",
  "type": "object"
}
