---
source: crates/assay-types/tests/schema_snapshots.rs
expression: schema.to_value()
---
{
  "$schema": "https://json-schema.org/draft/2020-12/schema",
  "description": "A specification that defines what should be built and its acceptance criteria.",
  "properties": {
    "description": {
      "type": "string"
    },
    "name": {
      "type": "string"
    }
  },
  "required": [
    "name",
    "description"
  ],
  "title": "Spec",
  "type": "object"
}
