---
source: crates/assay-types/tests/schema_snapshots.rs
expression: schema.to_value()
---
{
  "$schema": "https://json-schema.org/draft/2020-12/schema",
  "description": "Failure policy for orchestrated runs.\n\nDefaults to [`FailurePolicy::SkipDependents`], which allows independent\nsessions to continue while skipping only those that depend on the failed session.",
  "oneOf": [
    {
      "const": "skip_dependents",
      "description": "Skip dependents of failed sessions, continue independent sessions.",
      "type": "string"
    },
    {
      "const": "abort",
      "description": "Abort the entire run on first failure — no new sessions are dispatched.",
      "type": "string"
    }
  ],
  "title": "FailurePolicy"
}
