---
source: crates/assay-types/tests/schema_snapshots.rs
expression: schema.to_value()
---
{
  "$defs": {
    "GatesConfig": {
      "additionalProperties": false,
      "description": "Gate execution configuration.",
      "properties": {
        "default_timeout": {
          "default": 300,
          "description": "Default timeout for gate commands in seconds. Defaults to 300.",
          "format": "uint64",
          "minimum": 0,
          "type": "integer"
        },
        "max_history": {
          "description": "Maximum number of run history files to retain per spec.\nWhen set, oldest files beyond this limit are pruned on each save.\nA value of `0` means unlimited (no pruning). Defaults to `None` (no pruning).",
          "format": "uint",
          "minimum": 0,
          "type": [
            "integer",
            "null"
          ]
        },
        "working_dir": {
          "description": "Working directory for gate execution.",
          "type": [
            "string",
            "null"
          ]
        }
      },
      "type": "object"
    }
  },
  "$schema": "https://json-schema.org/draft/2020-12/schema",
  "additionalProperties": false,
  "description": "Top-level configuration for an Assay project.\n\nLoaded from `.assay/config.toml`.",
  "properties": {
    "gates": {
      "anyOf": [
        {
          "$ref": "#/$defs/GatesConfig"
        },
        {
          "type": "null"
        }
      ],
      "description": "Gate execution configuration."
    },
    "project_name": {
      "description": "Project name (required, non-empty after trim).",
      "type": "string"
    },
    "specs_dir": {
      "default": "specs/",
      "description": "Directory containing spec files, relative to `.assay/`.\nDefaults to `\"specs/\"`.",
      "type": "string"
    }
  },
  "required": [
    "project_name"
  ],
  "title": "Config",
  "type": "object"
}
