---
source: crates/assay-types/tests/schema_snapshots.rs
expression: schema.to_value()
---
{
  "$defs": {
    "Criterion": {
      "additionalProperties": false,
      "description": "A single acceptance criterion attached to a spec.\n\nEach criterion has a name, description, and an optional shell command\nthat can verify it programmatically. When `kind` is `AgentReport`, the\ncriterion is evaluated by an agent using the `prompt` field for guidance.",
      "properties": {
        "cmd": {
          "description": "Optional shell command to verify this criterion.\nOmitted from serialized output when `None`.\nMutually exclusive with `kind = AgentReport`.",
          "type": [
            "string",
            "null"
          ]
        },
        "description": {
          "description": "Detailed description of what this criterion checks.",
          "type": "string"
        },
        "enforcement": {
          "anyOf": [
            {
              "$ref": "#/$defs/Enforcement"
            },
            {
              "type": "null"
            }
          ],
          "description": "Enforcement level override for this criterion. `None` means \"use the\nspec-level default from `[gate]` section\" (which itself defaults to `required`)."
        },
        "kind": {
          "anyOf": [
            {
              "$ref": "#/$defs/CriterionKind"
            },
            {
              "type": "null"
            }
          ],
          "description": "Criterion evaluation kind. When set to `AgentReport`, this criterion\nis evaluated by an agent (not a shell command). Mutually exclusive\nwith `cmd` and `path`."
        },
        "name": {
          "description": "Human-readable name for this criterion.",
          "type": "string"
        },
        "path": {
          "description": "Optional file path to check for existence.\nWhen set (and `cmd` is `None`), the criterion evaluates as a `FileExists` gate.",
          "type": [
            "string",
            "null"
          ]
        },
        "prompt": {
          "description": "Instruction prompt for agent-evaluated criteria.\nProvides guidance to the agent on what to evaluate.",
          "type": [
            "string",
            "null"
          ]
        },
        "requirements": {
          "description": "Requirement IDs this criterion traces to (e.g., `[\"REQ-FUNC-001\"]`).",
          "items": {
            "type": "string"
          },
          "type": "array"
        },
        "timeout": {
          "description": "Optional timeout in seconds for this criterion's command.\nOverrides the global default but is overridden by CLI `--timeout`.",
          "format": "uint64",
          "minimum": 0,
          "type": [
            "integer",
            "null"
          ]
        }
      },
      "required": [
        "name",
        "description"
      ],
      "type": "object"
    },
    "CriterionKind": {
      "description": "The kind of evaluation a criterion uses.\n\nWhen set on a criterion, determines how it is evaluated.\n`AgentReport` means the criterion is evaluated by an agent\nvia structured reasoning rather than a shell command.",
      "oneOf": [
        {
          "const": "AgentReport",
          "description": "Evaluated by an agent via structured reasoning.",
          "type": "string"
        }
      ]
    },
    "Enforcement": {
      "description": "Enforcement level for a gate criterion.\n\nDetermines whether a criterion failure blocks the gate (required)\nor is informational only (advisory).",
      "oneOf": [
        {
          "const": "required",
          "description": "Failure blocks the gate. This is the default.",
          "type": "string"
        },
        {
          "const": "advisory",
          "description": "Failure is informational; does not block the gate.",
          "type": "string"
        }
      ]
    },
    "Gate": {
      "description": "A quality gate that must pass before work proceeds.",
      "properties": {
        "name": {
          "description": "Name of this quality gate.",
          "type": "string"
        },
        "passed": {
          "description": "Whether this gate passed.",
          "type": "boolean"
        }
      },
      "required": [
        "name",
        "passed"
      ],
      "type": "object"
    },
    "GateSection": {
      "additionalProperties": false,
      "description": "Gate-level configuration section.\n\nParsed from `[gate]` in spec TOML files. Provides spec-wide defaults\nthat individual criteria can override.",
      "properties": {
        "enforcement": {
          "$ref": "#/$defs/Enforcement",
          "default": "required",
          "description": "Default enforcement level for all criteria in this spec."
        }
      },
      "type": "object"
    },
    "Spec": {
      "additionalProperties": false,
      "description": "A specification that defines what should be built and its acceptance criteria.",
      "properties": {
        "criteria": {
          "description": "Acceptance criteria that must be satisfied.",
          "items": {
            "$ref": "#/$defs/Criterion"
          },
          "type": "array"
        },
        "depends": {
          "description": "Spec names this spec depends on. Used for dependency ordering and cycle detection.",
          "items": {
            "type": "string"
          },
          "type": "array"
        },
        "description": {
          "description": "Human-readable description. Defaults to empty string, omitted from\nserialized output when empty.",
          "type": "string"
        },
        "gate": {
          "anyOf": [
            {
              "$ref": "#/$defs/GateSection"
            },
            {
              "type": "null"
            }
          ],
          "description": "Gate configuration section (enforcement defaults)."
        },
        "name": {
          "description": "Display name for this spec (required, must be unique across all specs).",
          "type": "string"
        }
      },
      "required": [
        "name",
        "criteria"
      ],
      "type": "object"
    }
  },
  "$schema": "https://json-schema.org/draft/2020-12/schema",
  "description": "A workflow combining specs, gates, and reviews into a development pipeline.",
  "properties": {
    "gates": {
      "description": "Gates included in this workflow. Omitted from serialized output when empty.",
      "items": {
        "$ref": "#/$defs/Gate"
      },
      "type": "array"
    },
    "name": {
      "description": "Name of this workflow.",
      "type": "string"
    },
    "specs": {
      "description": "Specs included in this workflow. Omitted from serialized output when empty.",
      "items": {
        "$ref": "#/$defs/Spec"
      },
      "type": "array"
    }
  },
  "required": [
    "name"
  ],
  "title": "Workflow",
  "type": "object"
}
